// Jest Snapshot v1, https://goo.gl/fbAQLP

exports[`invert should invert a 8-digit hex color 1`] = `"rgba(51,50,155,0.6549019607843137)"`;

exports[`invert should invert a color with opacity 1`] = `"rgba(154,155,50,0.7)"`;

exports[`invert should invert a hex color 1`] = `"#33329b"`;

exports[`invert should invert a reduced hex color 1`] = `"#bb7"`;
