// Jest Snapshot v1, https://goo.gl/fbAQLP

exports[`saturate should saturate a color but not go beyond 255 1`] = `"rgba(255,200,200,0.7)"`;

exports[`saturate should saturate a color by 10% 1`] = `"#4b3d3d"`;

exports[`saturate should saturate a color when passed a string for amount 1`] = `"#4b3d3d"`;

exports[`saturate should saturate a color with opacity by 20% 1`] = `"rgba(81,80,226,0.7)"`;

exports[`saturate should saturate a hex color by 20% 1`] = `"#e0e250"`;

exports[`saturate should saturate an 8-digit hex color by 20% 1`] = `"rgba(81,80,226,0.7)"`;
