// Jest Snapshot v1, https://goo.gl/fbAQLP

exports[`setSaturation should update the saturation and return a color with opacity 1`] = `"rgba(228,229,76,0.7)"`;

exports[`setSaturation should update the saturation and return a hex color 1`] = `"#adad84"`;

exports[`setSaturation should update the saturation when passed a string 1`] = `"rgba(228,229,76,0.7)"`;
