// Jest Snapshot v1, https://goo.gl/fbAQLP

exports[`test should tint the provided color when passed a string for amount 1`] = `"#bfbfff"`;

exports[`test should tint the provided color with white by the given percentage 1`] = `"#bfbfff"`;
