exports[`contains should return \`false\` if the array contains the value 1`] = `false`;

exports[`contains should return \`true\` if the array contains the value 1`] = `true`;
