// Jest Snapshot v1, https://goo.gl/fbAQLP

exports[`cover should cover full screen when passed no parameters 1`] = `
Object {
  "bottom": 0,
  "left": 0,
  "position": "absolute",
  "right": 0,
  "top": 0,
}
`;

exports[`cover should cover full screen with an offset when passed one 1`] = `
Object {
  "bottom": "100px",
  "left": "100px",
  "position": "absolute",
  "right": "100px",
  "top": "100px",
}
`;
